0 verbose cli /opt/homebrew/Cellar/node/26.0.0/bin/node /opt/homebrew/bin/npm
1 info using npm@11.12.1
2 info using node@v26.0.0
3 silly config load:file:/opt/homebrew/lib/node_modules/npm/npmrc
4 silly config load:file:/Users/miguelacontreras/Desktop/Desarrollo/MiguelAcr/Nest Back/store_api/.npmrc
5 silly config load:file:/Users/miguelacontreras/.npmrc
6 silly config load:file:/opt/homebrew/etc/npmrc
7 verbose title npm install @nestjs/microservices ioredis @nestjs/mongoose mongoose
8 verbose argv "install" "@nestjs/microservices" "ioredis" "@nestjs/mongoose" "mongoose" "--cache" "./npm-cache"
9 verbose logfile logs-max:10 dir:/Users/miguelacontreras/Desktop/Desarrollo/MiguelAcr/Nest Back/store_api/npm-cache/_logs/2026-07-16T16_24_48_897Z-
10 verbose logfile /Users/miguelacontreras/Desktop/Desarrollo/MiguelAcr/Nest Back/store_api/npm-cache/_logs/2026-07-16T16_24_48_897Z-debug-0.log
11 silly logfile done cleaning log files
12 silly packumentCache heap:2248146944 maxSize:562036736 maxEntrySize:281018368
13 silly idealTree buildDeps
14 silly fetch manifest @nestjs/microservices@*
15 silly packumentCache full:https://registry.npmjs.org/@nestjs%2fmicroservices cache-miss
16 http fetch GET 200 https://registry.npmjs.org/@nestjs%2fmicroservices 324ms (cache revalidated)
17 silly packumentCache full:https://registry.npmjs.org/@nestjs%2fmicroservices set size:1027377 disposed:false
18 silly fetch manifest @grpc/grpc-js@*
19 silly packumentCache full:https://registry.npmjs.org/@grpc%2fgrpc-js cache-miss
20 http fetch GET 200 https://registry.npmjs.org/@grpc%2fgrpc-js 49ms (cache revalidated)
21 silly packumentCache full:https://registry.npmjs.org/@grpc%2fgrpc-js set size:674221 disposed:false
22 silly fetch manifest @nestjs/common@^11.0.1
23 silly packumentCache full:https://registry.npmjs.org/@nestjs%2fcommon cache-miss
24 http fetch GET 200 https://registry.npmjs.org/@nestjs%2fcommon 45ms (cache revalidated)
25 silly packumentCache full:https://registry.npmjs.org/@nestjs%2fcommon set size:931318 disposed:false
26 silly fetch manifest class-transformer@>=0.4.1
27 silly packumentCache full:https://registry.npmjs.org/class-transformer cache-miss
28 http fetch GET 200 https://registry.npmjs.org/class-transformer 38ms (cache revalidated)
29 silly packumentCache full:https://registry.npmjs.org/class-transformer set size:106571 disposed:false
30 silly fetch manifest class-validator@>=0.13.2
31 silly packumentCache full:https://registry.npmjs.org/class-validator cache-miss
32 http fetch GET 200 https://registry.npmjs.org/class-validator 34ms (cache revalidated)
33 silly packumentCache full:https://registry.npmjs.org/class-validator set size:223768 disposed:false
34 silly fetch manifest reflect-metadata@^0.2.2
35 silly packumentCache full:https://registry.npmjs.org/reflect-metadata cache-miss
36 http fetch GET 200 https://registry.npmjs.org/reflect-metadata 35ms (cache revalidated)
37 silly packumentCache full:https://registry.npmjs.org/reflect-metadata set size:61305 disposed:false
38 silly fetch manifest rxjs@^7.8.1
39 silly packumentCache full:https://registry.npmjs.org/rxjs cache-miss
40 http fetch GET 200 https://registry.npmjs.org/rxjs 61ms (cache revalidated)
41 silly packumentCache full:https://registry.npmjs.org/rxjs set size:980097 disposed:false
42 silly fetch manifest @nestjs/core@^11.0.1
43 silly packumentCache full:https://registry.npmjs.org/@nestjs%2fcore cache-miss
44 http fetch GET 200 https://registry.npmjs.org/@nestjs%2fcore 45ms (cache revalidated)
45 silly packumentCache full:https://registry.npmjs.org/@nestjs%2fcore set size:1072877 disposed:false
46 silly fetch manifest @nestjs/platform-express@^11.0.1
47 silly packumentCache full:https://registry.npmjs.org/@nestjs%2fplatform-express cache-miss
48 http fetch GET 200 https://registry.npmjs.org/@nestjs%2fplatform-express 47ms (cache revalidated)
49 silly packumentCache full:https://registry.npmjs.org/@nestjs%2fplatform-express set size:768438 disposed:false
50 silly fetch manifest @nestjs/websockets@^11.0.0
51 silly packumentCache full:https://registry.npmjs.org/@nestjs%2fwebsockets cache-miss
52 http fetch GET 200 https://registry.npmjs.org/@nestjs%2fwebsockets 43ms (cache revalidated)
53 silly packumentCache full:https://registry.npmjs.org/@nestjs%2fwebsockets set size:877738 disposed:false
54 silly fetch manifest @nestjs/platform-socket.io@^11.0.0
55 silly packumentCache full:https://registry.npmjs.org/@nestjs%2fplatform-socket.io cache-miss
56 http fetch GET 200 https://registry.npmjs.org/@nestjs%2fplatform-socket.io 195ms (cache revalidated)
57 silly packumentCache full:https://registry.npmjs.org/@nestjs%2fplatform-socket.io set size:735170 disposed:false
58 silly fetch manifest amqp-connection-manager@*
59 silly packumentCache full:https://registry.npmjs.org/amqp-connection-manager cache-miss
60 http fetch GET 200 https://registry.npmjs.org/amqp-connection-manager 40ms (cache revalidated)
61 silly packumentCache full:https://registry.npmjs.org/amqp-connection-manager set size:260264 disposed:false
62 silly fetch manifest amqplib@*
63 silly packumentCache full:https://registry.npmjs.org/amqplib cache-miss
64 http fetch GET 200 https://registry.npmjs.org/amqplib 34ms (cache revalidated)
65 silly packumentCache full:https://registry.npmjs.org/amqplib set size:110168 disposed:false
66 silly fetch manifest cache-manager@*
67 silly packumentCache full:https://registry.npmjs.org/cache-manager cache-miss
68 http fetch GET 200 https://registry.npmjs.org/cache-manager 39ms (cache revalidated)
69 silly packumentCache full:https://registry.npmjs.org/cache-manager set size:307581 disposed:false
70 silly fetch manifest ioredis@*
71 silly packumentCache full:https://registry.npmjs.org/ioredis cache-miss
72 http fetch GET 200 https://registry.npmjs.org/ioredis 55ms (cache revalidated)
73 silly packumentCache full:https://registry.npmjs.org/ioredis set size:851250 disposed:false
74 silly fetch manifest kafkajs@*
75 silly packumentCache full:https://registry.npmjs.org/kafkajs cache-miss
76 http fetch GET 200 https://registry.npmjs.org/kafkajs 39ms (cache revalidated)
77 silly packumentCache full:https://registry.npmjs.org/kafkajs set size:3133174 disposed:false
78 silly fetch manifest mqtt@*
79 silly packumentCache full:https://registry.npmjs.org/mqtt cache-miss
80 http fetch GET 200 https://registry.npmjs.org/mqtt 35ms (cache revalidated)
81 silly packumentCache full:https://registry.npmjs.org/mqtt set size:821608 disposed:false
82 silly fetch manifest nats@*
83 silly packumentCache full:https://registry.npmjs.org/nats cache-miss
84 http fetch GET 200 https://registry.npmjs.org/nats 181ms (cache revalidated)
85 silly packumentCache full:https://registry.npmjs.org/nats set size:792333 disposed:false
86 silly fetch manifest @nestjs/mongoose@*
87 silly packumentCache full:https://registry.npmjs.org/@nestjs%2fmongoose cache-miss
88 http fetch GET 200 https://registry.npmjs.org/@nestjs%2fmongoose 303ms (cache miss)
89 silly packumentCache full:https://registry.npmjs.org/@nestjs%2fmongoose set size:undefined disposed:false
90 silly fetch manifest mongoose@*
91 silly packumentCache full:https://registry.npmjs.org/mongoose cache-miss
92 http fetch GET 200 https://registry.npmjs.org/mongoose 272ms (cache miss)
93 silly packumentCache full:https://registry.npmjs.org/mongoose set size:undefined disposed:false
94 silly placeDep ROOT @nestjs/microservices@11.1.28 OK for: store_monorepo@0.0.1 want: *
95 silly placeDep ROOT @nestjs/mongoose@11.0.4 OK for: store_monorepo@0.0.1 want: *
96 silly placeDep ROOT mongoose@9.7.4 OK for: @nestjs/mongoose@11.0.4 want: ^7.0.0 || ^8.0.0 || ^9.0.0
97 silly placeDep ROOT ioredis@5.11.1 OK for: store_monorepo@0.0.1 want: *
98 silly placeDep ROOT mongoose@9.7.4 REPLACE for: store_monorepo@0.0.1 want: *
99 silly fetch manifest sift@17.1.3
100 silly packumentCache full:https://registry.npmjs.org/sift cache-miss
101 silly fetch manifest mpath@0.9.0
102 silly packumentCache full:https://registry.npmjs.org/mpath cache-miss
103 silly fetch manifest kareem@3.3.0
104 silly packumentCache full:https://registry.npmjs.org/kareem cache-miss
105 silly fetch manifest mquery@6.0.0
106 silly packumentCache full:https://registry.npmjs.org/mquery cache-miss
107 silly fetch manifest mongodb@~7.2
108 silly packumentCache full:https://registry.npmjs.org/mongodb cache-miss
109 silly fetch manifest @standard-schema/spec@^1.1.0
110 silly packumentCache full:https://registry.npmjs.org/@standard-schema%2fspec cache-miss
111 silly fetch manifest @ioredis/commands@1.10.0
112 silly packumentCache full:https://registry.npmjs.org/@ioredis%2fcommands cache-miss
113 http fetch GET 200 https://registry.npmjs.org/mpath 37ms (cache miss)
114 silly packumentCache full:https://registry.npmjs.org/mpath set size:undefined disposed:false
115 silly fetch manifest cluster-key-slot@1.1.1
116 silly packumentCache full:https://registry.npmjs.org/cluster-key-slot cache-miss
117 http fetch GET 200 https://registry.npmjs.org/cluster-key-slot 37ms (cache miss)
118 silly packumentCache full:https://registry.npmjs.org/cluster-key-slot set size:undefined disposed:false
119 silly fetch manifest denque@2.1.0
120 silly packumentCache full:https://registry.npmjs.org/denque cache-miss
121 http fetch GET 200 https://registry.npmjs.org/denque 37ms (cache miss)
122 silly packumentCache full:https://registry.npmjs.org/denque set size:undefined disposed:false
123 silly fetch manifest redis-errors@1.2.0
124 silly packumentCache full:https://registry.npmjs.org/redis-errors cache-miss
125 http fetch GET 200 https://registry.npmjs.org/kareem 117ms (cache miss)
126 silly packumentCache full:https://registry.npmjs.org/kareem set size:undefined disposed:false
127 silly fetch manifest redis-parser@3.0.0
128 silly packumentCache full:https://registry.npmjs.org/redis-parser cache-miss
129 http fetch GET 200 https://registry.npmjs.org/mquery 121ms (cache miss)
130 silly packumentCache full:https://registry.npmjs.org/mquery set size:undefined disposed:false
131 silly fetch manifest standard-as-callback@2.1.0
132 silly packumentCache full:https://registry.npmjs.org/standard-as-callback cache-miss
133 http fetch GET 200 https://registry.npmjs.org/@standard-schema%2fspec 123ms (cache miss)
134 silly packumentCache full:https://registry.npmjs.org/@standard-schema%2fspec set size:undefined disposed:false
135 silly fetch manifest sift@17.1.3
136 silly packumentCache full:https://registry.npmjs.org/sift cache-miss
137 http fetch GET 200 https://registry.npmjs.org/@ioredis%2fcommands 125ms (cache miss)
138 silly packumentCache full:https://registry.npmjs.org/@ioredis%2fcommands set size:undefined disposed:false
139 silly fetch manifest mongodb@~7.2
140 silly packumentCache full:https://registry.npmjs.org/mongodb cache-miss
141 http fetch GET 200 https://registry.npmjs.org/sift 147ms (cache miss)
142 silly packumentCache full:https://registry.npmjs.org/sift set size:undefined disposed:false
143 http fetch GET 200 https://registry.npmjs.org/redis-parser 47ms (cache miss)
144 silly packumentCache full:https://registry.npmjs.org/redis-parser set size:undefined disposed:false
145 http fetch GET 200 https://registry.npmjs.org/standard-as-callback 47ms (cache miss)
146 silly packumentCache full:https://registry.npmjs.org/standard-as-callback set size:undefined disposed:false
147 http fetch GET 200 https://registry.npmjs.org/sift 66ms (cache miss)
148 silly packumentCache full:https://registry.npmjs.org/sift set size:undefined disposed:false
149 http fetch GET 200 https://registry.npmjs.org/mongodb 216ms (cache miss)
150 silly packumentCache full:https://registry.npmjs.org/mongodb set size:undefined disposed:false
151 http fetch GET 200 https://registry.npmjs.org/mongodb 134ms (cache miss)
152 silly packumentCache full:https://registry.npmjs.org/mongodb set size:undefined disposed:false
153 http fetch GET 200 https://registry.npmjs.org/redis-errors 175ms (cache miss)
154 silly packumentCache full:https://registry.npmjs.org/redis-errors set size:undefined disposed:false
155 silly placeDep ROOT @ioredis/commands@1.10.0 OK for: ioredis@5.11.1 want: 1.10.0
156 silly placeDep ROOT cluster-key-slot@1.1.1 OK for: ioredis@5.11.1 want: 1.1.1
157 silly placeDep ROOT denque@2.1.0 OK for: ioredis@5.11.1 want: 2.1.0
158 silly placeDep ROOT redis-errors@1.2.0 OK for: ioredis@5.11.1 want: 1.2.0
159 silly placeDep ROOT redis-parser@3.0.0 OK for: ioredis@5.11.1 want: 3.0.0
160 silly placeDep ROOT standard-as-callback@2.1.0 OK for: ioredis@5.11.1 want: 2.1.0
161 silly fetch manifest @aws-sdk/credential-providers@^3.806.0
162 silly packumentCache full:https://registry.npmjs.org/@aws-sdk%2fcredential-providers cache-miss
163 http fetch GET 200 https://registry.npmjs.org/@aws-sdk%2fcredential-providers 114ms (cache miss)
164 silly packumentCache full:https://registry.npmjs.org/@aws-sdk%2fcredential-providers set size:undefined disposed:false
165 silly fetch manifest @mongodb-js/zstd@^7.0.0
166 silly packumentCache full:https://registry.npmjs.org/@mongodb-js%2fzstd cache-miss
167 http fetch GET 200 https://registry.npmjs.org/@mongodb-js%2fzstd 48ms (cache miss)
168 silly packumentCache full:https://registry.npmjs.org/@mongodb-js%2fzstd set size:undefined disposed:false
169 silly fetch manifest gcp-metadata@^7.0.1
170 silly packumentCache full:https://registry.npmjs.org/gcp-metadata cache-miss
171 http fetch GET 200 https://registry.npmjs.org/gcp-metadata 42ms (cache miss)
172 silly packumentCache full:https://registry.npmjs.org/gcp-metadata set size:undefined disposed:false
173 silly fetch manifest kerberos@^7.0.0
174 silly packumentCache full:https://registry.npmjs.org/kerberos cache-miss
175 http fetch GET 200 https://registry.npmjs.org/kerberos 40ms (cache miss)
176 silly packumentCache full:https://registry.npmjs.org/kerberos set size:undefined disposed:false
177 silly fetch manifest mongodb-client-encryption@>=7.0.0 <7.1.0
178 silly packumentCache full:https://registry.npmjs.org/mongodb-client-encryption cache-miss
179 http fetch GET 200 https://registry.npmjs.org/mongodb-client-encryption 185ms (cache miss)
180 silly packumentCache full:https://registry.npmjs.org/mongodb-client-encryption set size:undefined disposed:false
181 silly fetch manifest snappy@^7.3.2
182 silly packumentCache full:https://registry.npmjs.org/snappy cache-miss
183 http fetch GET 200 https://registry.npmjs.org/snappy 41ms (cache miss)
184 silly packumentCache full:https://registry.npmjs.org/snappy set size:undefined disposed:false
185 silly fetch manifest socks@^2.8.6
186 silly packumentCache full:https://registry.npmjs.org/socks cache-miss
187 http fetch GET 200 https://registry.npmjs.org/socks 40ms (cache miss)
188 silly packumentCache full:https://registry.npmjs.org/socks set size:undefined disposed:false
189 silly placeDep ROOT @standard-schema/spec@1.1.0 OK for: mongoose@9.7.4 want: ^1.1.0
190 silly placeDep ROOT kareem@3.3.0 OK for: mongoose@9.7.4 want: 3.3.0
191 silly placeDep ROOT mongodb@7.2.0 OK for: mongoose@9.7.4 want: ~7.2
192 silly placeDep ROOT mpath@0.9.0 OK for: mongoose@9.7.4 want: 0.9.0
193 silly placeDep ROOT mquery@6.0.0 OK for: mongoose@9.7.4 want: 6.0.0
194 silly placeDep ROOT sift@17.1.3 OK for: mongoose@9.7.4 want: 17.1.3
195 silly fetch manifest bson@^7.2.0
196 silly packumentCache full:https://registry.npmjs.org/bson cache-miss
197 silly fetch manifest @mongodb-js/saslprep@^1.3.0
198 silly packumentCache full:https://registry.npmjs.org/@mongodb-js%2fsaslprep cache-miss
199 silly fetch manifest mongodb-connection-string-url@^7.0.0
200 silly packumentCache full:https://registry.npmjs.org/mongodb-connection-string-url cache-miss
201 http fetch GET 200 https://registry.npmjs.org/@mongodb-js%2fsaslprep 176ms (cache miss)
202 silly packumentCache full:https://registry.npmjs.org/@mongodb-js%2fsaslprep set size:undefined disposed:false
203 http fetch GET 200 https://registry.npmjs.org/mongodb-connection-string-url 194ms (cache miss)
204 silly packumentCache full:https://registry.npmjs.org/mongodb-connection-string-url set size:undefined disposed:false
205 http fetch GET 200 https://registry.npmjs.org/bson 200ms (cache miss)
206 silly packumentCache full:https://registry.npmjs.org/bson set size:undefined disposed:false
207 silly placeDep ROOT @mongodb-js/saslprep@1.4.12 OK for: mongodb@7.2.0 want: ^1.3.0
208 silly placeDep ROOT bson@7.3.1 OK for: mongodb@7.2.0 want: ^7.2.0
209 silly placeDep ROOT mongodb-connection-string-url@7.0.2 OK for: mongodb@7.2.0 want: ^7.0.0
210 silly fetch manifest sparse-bitfield@^3.0.3
211 silly packumentCache full:https://registry.npmjs.org/sparse-bitfield cache-miss
212 silly fetch manifest whatwg-url@^14.1.0
213 silly packumentCache full:https://registry.npmjs.org/whatwg-url cache-miss
214 silly fetch manifest @types/whatwg-url@^13.0.0
215 silly packumentCache full:https://registry.npmjs.org/@types%2fwhatwg-url cache-miss
216 http fetch GET 200 https://registry.npmjs.org/whatwg-url 40ms (cache miss)
217 silly packumentCache full:https://registry.npmjs.org/whatwg-url set size:undefined disposed:false
218 http fetch GET 200 https://registry.npmjs.org/sparse-bitfield 173ms (cache miss)
219 silly packumentCache full:https://registry.npmjs.org/sparse-bitfield set size:undefined disposed:false
220 http fetch GET 200 https://registry.npmjs.org/@types%2fwhatwg-url 327ms (cache miss)
221 silly packumentCache full:https://registry.npmjs.org/@types%2fwhatwg-url set size:undefined disposed:false
222 silly placeDep ROOT sparse-bitfield@3.0.3 OK for: @mongodb-js/saslprep@1.4.12 want: ^3.0.3
223 silly fetch manifest memory-pager@^1.0.2
224 silly packumentCache full:https://registry.npmjs.org/memory-pager cache-miss
225 http fetch GET 200 https://registry.npmjs.org/memory-pager 36ms (cache miss)
226 silly packumentCache full:https://registry.npmjs.org/memory-pager set size:undefined disposed:false
227 silly placeDep ROOT @types/whatwg-url@13.0.0 OK for: mongodb-connection-string-url@7.0.2 want: ^13.0.0
228 silly placeDep ROOT whatwg-url@14.2.0 OK for: mongodb-connection-string-url@7.0.2 want: ^14.1.0
229 silly fetch manifest @types/webidl-conversions@*
230 silly packumentCache full:https://registry.npmjs.org/@types%2fwebidl-conversions cache-miss
231 silly fetch manifest tr46@^5.1.0
232 silly packumentCache full:https://registry.npmjs.org/tr46 cache-miss
233 silly fetch manifest webidl-conversions@^7.0.0
234 silly packumentCache full:https://registry.npmjs.org/webidl-conversions cache-miss
235 http fetch GET 200 https://registry.npmjs.org/tr46 39ms (cache miss)
236 silly packumentCache full:https://registry.npmjs.org/tr46 set size:undefined disposed:false
237 http fetch GET 200 https://registry.npmjs.org/webidl-conversions 40ms (cache miss)
238 silly packumentCache full:https://registry.npmjs.org/webidl-conversions set size:undefined disposed:false
239 http fetch GET 200 https://registry.npmjs.org/@types%2fwebidl-conversions 40ms (cache miss)
240 silly packumentCache full:https://registry.npmjs.org/@types%2fwebidl-conversions set size:undefined disposed:false
241 silly placeDep ROOT @types/webidl-conversions@7.0.3 OK for: @types/whatwg-url@13.0.0 want: *
242 silly placeDep ROOT memory-pager@1.5.0 OK for: sparse-bitfield@3.0.3 want: ^1.0.2
243 silly placeDep ROOT tr46@5.1.1 OK for: whatwg-url@14.2.0 want: ^5.1.0
244 silly placeDep ROOT webidl-conversions@7.0.0 OK for: whatwg-url@14.2.0 want: ^7.0.0
245 silly reify moves {}
246 silly audit bulk request {
246 silly audit   '@angular-devkit/core': [ '19.2.27', '19.2.24' ],
246 silly audit   ajv: [ '8.18.0', '8.20.0', '6.15.0' ],
246 silly audit   'json-schema-traverse': [ '1.0.0', '0.4.1' ],
246 silly audit   rxjs: [ '7.8.1', '7.8.2' ],
246 silly audit   '@angular-devkit/schematics': [ '19.2.27', '19.2.24' ],
246 silly audit   '@angular-devkit/schematics-cli': [ '19.2.27' ],
246 silly audit   '@inquirer/prompts': [ '7.3.2', '7.10.1' ],
246 silly audit   '@babel/code-frame': [ '7.29.7' ],
246 silly audit   '@babel/compat-data': [ '7.29.7' ],
246 silly audit   '@babel/core': [ '7.29.7' ],
246 silly audit   semver: [ '6.3.1', '7.8.5' ],
246 silly audit   '@babel/generator': [ '7.29.7' ],
246 silly audit   '@babel/helper-compilation-targets': [ '7.29.7' ],
246 silly audit   '@babel/helper-globals': [ '7.29.7' ],
246 silly audit   '@babel/helper-module-imports': [ '7.29.7' ],
246 silly audit   '@babel/helper-module-transforms': [ '7.29.7' ],
246 silly audit   '@babel/helper-plugin-utils': [ '7.29.7' ],
246 silly audit   '@babel/helper-string-parser': [ '7.29.7' ],
246 silly audit   '@babel/helper-validator-identifier': [ '7.29.7' ],
246 silly audit   '@babel/helper-validator-option': [ '7.29.7' ],
246 silly audit   '@babel/helpers': [ '7.29.7' ],
246 silly audit   '@babel/parser': [ '7.29.7' ],
246 silly audit   '@babel/plugin-syntax-async-generators': [ '7.8.4' ],
246 silly audit   '@babel/plugin-syntax-bigint': [ '7.8.3' ],
246 silly audit   '@babel/plugin-syntax-class-properties': [ '7.12.13' ],
246 silly audit   '@babel/plugin-syntax-class-static-block': [ '7.14.5' ],
246 silly audit   '@babel/plugin-syntax-import-attributes': [ '7.29.7' ],
246 silly audit   '@babel/plugin-syntax-import-meta': [ '7.10.4' ],
246 silly audit   '@babel/plugin-syntax-json-strings': [ '7.8.3' ],
246 silly audit   '@babel/plugin-syntax-jsx': [ '7.29.7' ],
246 silly audit   '@babel/plugin-syntax-logical-assignment-operators': [ '7.10.4' ],
246 silly audit   '@babel/plugin-syntax-nullish-coalescing-operator': [ '7.8.3' ],
246 silly audit   '@babel/plugin-syntax-numeric-separator': [ '7.10.4' ],
246 silly audit   '@babel/plugin-syntax-object-rest-spread': [ '7.8.3' ],
246 silly audit   '@babel/plugin-syntax-optional-catch-binding': [ '7.8.3' ],
246 silly audit   '@babel/plugin-syntax-optional-chaining': [ '7.8.3' ],
246 silly audit   '@babel/plugin-syntax-private-property-in-object': [ '7.14.5' ],
246 silly audit   '@babel/plugin-syntax-top-level-await': [ '7.14.5' ],
246 silly audit   '@babel/plugin-syntax-typescript': [ '7.29.7' ],
246 silly audit   '@babel/template': [ '7.29.7' ],
246 silly audit   '@babel/traverse': [ '7.29.7' ],
246 silly audit   '@babel/types': [ '7.29.7' ],
246 silly audit   '@bcoe/v8-coverage': [ '0.2.3' ],
246 silly audit   '@borewit/text-codec': [ '0.2.2' ],
246 silly audit   '@colors/colors': [ '1.5.0' ],
246 silly audit   '@cspotcode/source-map-support': [ '0.8.1' ],
246 silly audit   '@jridgewell/trace-mapping': [ '0.3.9', '0.3.31' ],
246 silly audit   '@emnapi/core': [ '1.10.0' ],
246 silly audit   '@emnapi/runtime': [ '1.10.0' ],
246 silly audit   '@emnapi/wasi-threads': [ '1.2.1' ],
246 silly audit   '@eslint-community/eslint-utils': [ '4.9.1' ],
246 silly audit   'eslint-visitor-keys': [ '3.4.3', '5.0.1', '4.2.1' ],
246 silly audit   '@eslint-community/regexpp': [ '4.12.2' ],
246 silly audit   '@eslint/config-array': [ '0.21.2' ],
246 silly audit   '@eslint/config-helpers': [ '0.4.2' ],
246 silly audit   '@eslint/core': [ '0.17.0' ],
246 silly audit   '@eslint/eslintrc': [ '3.3.6' ],
246 silly audit   globals: [ '14.0.0', '17.7.0' ],
246 silly audit   '@eslint/js': [ '9.39.5' ],
246 silly audit   '@eslint/object-schema': [ '2.1.7' ],
246 silly audit   '@eslint/plugin-kit': [ '0.4.1' ],
246 silly audit   '@humanfs/core': [ '0.19.2' ],
246 silly audit   '@humanfs/node': [ '0.16.8' ],
246 silly audit   '@humanfs/types': [ '0.15.0' ],
246 silly audit   '@humanwhocodes/module-importer': [ '1.0.1' ],
246 silly audit   '@humanwhocodes/retry': [ '0.4.3' ],
246 silly audit   '@inquirer/ansi': [ '1.0.2' ],
246 silly audit   '@inquirer/checkbox': [ '4.3.2' ],
246 silly audit   '@inquirer/confirm': [ '5.1.21' ],
246 silly audit   '@inquirer/core': [ '10.3.2' ],
246 silly audit   '@inquirer/editor': [ '4.2.23' ],
246 silly audit   '@inquirer/expand': [ '4.0.23' ],
246 silly audit   '@inquirer/external-editor': [ '1.0.3' ],
246 silly audit   '@inquirer/figures': [ '1.0.15' ],
246 silly audit   '@inquirer/input': [ '4.3.1' ],
246 silly audit   '@inquirer/number': [ '3.0.23' ],
246 silly audit   '@inquirer/password': [ '4.0.23' ],
246 silly audit   '@inquirer/rawlist': [ '4.1.11' ],
246 silly audit   '@inquirer/search': [ '3.2.2' ],
246 silly audit   '@inquirer/select': [ '4.4.2' ],
246 silly audit   '@inquirer/type': [ '3.0.10' ],
246 silly audit   '@isaacs/cliui': [ '8.0.2' ],
246 silly audit   'ansi-regex': [ '6.2.2', '5.0.1' ],
246 silly audit   'ansi-styles': [ '6.2.3', '4.3.0', '5.2.0' ],
246 silly audit   'emoji-regex': [ '9.2.2', '8.0.0' ],
246 silly audit   'string-width': [ '5.1.2', '4.2.3' ],
246 silly audit   'strip-ansi': [ '7.2.0', '6.0.1' ],
246 silly audit   'wrap-ansi': [ '8.1.0', '7.0.0', '6.2.0' ],
246 silly audit   '@istanbuljs/load-nyc-config': [ '1.1.0' ],
246 silly audit   argparse: [ '1.0.10', '2.0.1' ],
246 silly audit   'find-up': [ '4.1.0', '5.0.0' ],
246 silly audit   'js-yaml': [ '3.15.0', '4.3.0' ],
246 silly audit   'locate-path': [ '5.0.0', '6.0.0' ],
246 silly audit   'p-limit': [ '2.3.0', '3.1.0' ],
246 silly audit   'p-locate': [ '4.1.0', '5.0.0' ],
246 silly audit   'resolve-from': [ '5.0.0', '4.0.0' ],
246 silly audit   '@istanbuljs/schema': [ '0.1.6' ],
246 silly audit   '@jest/console': [ '30.4.1' ],
246 silly audit   '@jest/core': [ '30.4.2' ],
246 silly audit   '@jest/diff-sequences': [ '30.4.0' ],
246 silly audit   '@jest/environment': [ '30.4.1' ],
246 silly audit   '@jest/expect': [ '30.4.1' ],
246 silly audit   '@jest/expect-utils': [ '30.4.1' ],
246 silly audit   '@jest/fake-timers': [ '30.4.1' ],
246 silly audit   '@jest/get-type': [ '30.1.0' ],
246 silly audit   '@jest/globals': [ '30.4.1' ],
246 silly audit   '@jest/pattern': [ '30.4.0' ],
246 silly audit   '@jest/reporters': [ '30.4.1' ],
246 silly audit   'brace-expansion': [ '2.1.2', '5.0.7', '1.1.16' ],
246 silly audit   glob: [ '10.5.0', '13.0.6', '7.2.3' ],
246 silly audit   'lru-cache': [ '10.4.3', '5.1.1', '11.5.2' ],
246 silly audit   minimatch: [ '9.0.9', '10.2.5', '3.1.5' ],
246 silly audit   'path-scurry': [ '1.11.1', '2.0.2' ],
246 silly audit   '@jest/schemas': [ '30.4.1' ],
246 silly audit   '@jest/snapshot-utils': [ '30.4.1' ],
246 silly audit   '@jest/source-map': [ '30.0.1' ],
246 silly audit   '@jest/test-result': [ '30.4.1' ],
246 silly audit   '@jest/test-sequencer': [ '30.4.1' ],
246 silly audit   '@jest/transform': [ '30.4.1' ],
246 silly audit   '@jest/types': [ '30.4.1' ],
246 silly audit   '@jridgewell/gen-mapping': [ '0.3.13' ],
246 silly audit   '@jridgewell/remapping': [ '2.3.5' ],
246 silly audit   '@jridgewell/resolve-uri': [ '3.1.2' ],
246 silly audit   '@jridgewell/source-map': [ '0.3.11' ],
246 silly audit   '@jridgewell/sourcemap-codec': [ '1.5.5' ],
246 silly audit   '@lukeed/csprng': [ '1.1.0' ],
246 silly audit   '@napi-rs/wasm-runtime': [ '1.1.6' ],
246 silly audit   '@nestjs/cli': [ '11.0.24' ],
246 silly audit   'ajv-formats': [ '2.1.1', '3.0.1' ],
246 silly audit   'ajv-keywords': [ '5.1.0', '3.5.2' ],
246 silly audit   'eslint-scope': [ '5.1.1', '8.4.0' ],
246 silly audit   estraverse: [ '4.3.0', '5.3.0' ],
246 silly audit   'schema-utils': [ '4.3.3', '3.3.0' ],
246 silly audit   webpack: [ '5.106.2', '5.108.4' ],
246 silly audit   '@nestjs/common': [ '11.1.28' ],
246 silly audit   '@nestjs/core': [ '11.1.28' ],
246 silly audit   '@nestjs/platform-express': [ '11.1.28' ],
246 silly audit   '@nestjs/schematics': [ '11.1.0' ],
246 silly audit   '@nestjs/testing': [ '11.1.28' ],
246 silly audit   '@noble/hashes': [ '1.8.0' ],
246 silly audit   '@paralleldrive/cuid2': [ '2.3.1' ],
246 silly audit   '@pkgjs/parseargs': [ '0.11.0' ],
246 silly audit   '@pkgr/core': [ '0.3.6' ],
246 silly audit   '@sinclair/typebox': [ '0.34.52' ],
246 silly audit   '@sinonjs/commons': [ '3.0.1' ],
246 silly audit   '@sinonjs/fake-timers': [ '15.4.0' ],
246 silly audit   '@tokenizer/inflate': [ '0.4.1' ],
246 silly audit   '@tokenizer/token': [ '0.3.0' ],
246 silly audit   '@tsconfig/node10': [ '1.0.12' ],
246 silly audit   '@tsconfig/node12': [ '1.0.11' ],
246 silly audit   '@tsconfig/node14': [ '1.0.3' ],
246 silly audit   '@tsconfig/node16': [ '1.0.4' ],
246 silly audit   '@tybys/wasm-util': [ '0.10.3' ],
246 silly audit   '@types/babel__core': [ '7.20.5' ],
246 silly audit   '@types/babel__generator': [ '7.27.0' ],
246 silly audit   '@types/babel__template': [ '7.4.4' ],
246 silly audit   '@types/babel__traverse': [ '7.28.0' ],
246 silly audit   '@types/body-parser': [ '1.19.6' ],
246 silly audit   '@types/connect': [ '3.4.38' ],
246 silly audit   '@types/cookiejar': [ '2.1.5' ],
246 silly audit   '@types/eslint': [ '9.6.1' ],
246 silly audit   '@types/eslint-scope': [ '3.7.7' ],
246 silly audit   '@types/estree': [ '1.0.9' ],
246 silly audit   '@types/express': [ '5.0.6' ],
246 silly audit   '@types/express-serve-static-core': [ '5.1.2' ],
246 silly audit   '@types/http-errors': [ '2.0.5' ],
246 silly audit   '@types/istanbul-lib-coverage': [ '2.0.6' ],
246 silly audit   '@types/istanbul-lib-report': [ '3.0.3' ],
246 silly audit   '@types/istanbul-reports': [ '3.0.4' ],
246 silly audit   '@types/jest': [ '30.0.0' ],
246 silly audit   '@types/json-schema': [ '7.0.15' ],
246 silly audit   '@types/methods': [ '1.1.4' ],
246 silly audit   '@types/node': [ '24.13.3' ],
246 silly audit   '@types/qs': [ '6.15.1' ],
246 silly audit   '@types/range-parser': [ '1.2.7' ],
246 silly audit   '@types/send': [ '1.2.1' ],
246 silly audit   '@types/serve-static': [ '2.2.0' ],
246 silly audit   '@types/stack-utils': [ '2.0.3' ],
246 silly audit   '@types/superagent': [ '8.1.11' ],
246 silly audit   '@types/supertest': [ '7.2.1' ],
246 silly audit   '@types/yargs': [ '17.0.35' ],
246 silly audit   '@types/yargs-parser': [ '21.0.3' ],
246 silly audit   '@typescript-eslint/eslint-plugin': [ '8.64.0' ],
246 silly audit   ignore: [ '7.0.6', '5.3.2' ],
246 silly audit   '@typescript-eslint/parser': [ '8.64.0' ],
246 silly audit   '@typescript-eslint/project-service': [ '8.64.0' ],
246 silly audit   '@typescript-eslint/scope-manager': [ '8.64.0' ],
246 silly audit   '@typescript-eslint/tsconfig-utils': [ '8.64.0' ],
246 silly audit   '@typescript-eslint/type-utils': [ '8.64.0' ],
246 silly audit   '@typescript-eslint/types': [ '8.64.0' ],
246 silly audit   '@typescript-eslint/typescript-estree': [ '8.64.0' ],
246 silly audit   'balanced-match': [ '4.0.4', '1.0.2' ],
246 silly audit   '@typescript-eslint/utils': [ '8.64.0' ],
246 silly audit   '@typescript-eslint/visitor-keys': [ '8.64.0' ],
246 silly audit   '@ungap/structured-clone': [ '1.3.3' ],
246 silly audit   '@unrs/resolver-binding-android-arm-eabi': [ '1.12.2' ],
246 silly audit   '@unrs/resolver-binding-android-arm64': [ '1.12.2' ],
246 silly audit   '@unrs/resolver-binding-darwin-arm64': [ '1.12.2' ],
246 silly audit   '@unrs/resolver-binding-darwin-x64': [ '1.12.2' ],
246 silly audit   '@unrs/resolver-binding-freebsd-x64': [ '1.12.2' ],
246 silly audit   '@unrs/resolver-binding-linux-arm-gnueabihf': [ '1.12.2' ],
246 silly audit   '@unrs/resolver-binding-linux-arm-musleabihf': [ '1.12.2' ],
246 silly audit   '@unrs/resolver-binding-linux-arm64-gnu': [ '1.12.2' ],
246 silly audit   '@unrs/resolver-binding-linux-arm64-musl': [ '1.12.2' ],
246 silly audit   '@unrs/resolver-binding-linux-loong64-gnu': [ '1.12.2' ],
246 silly audit   '@unrs/resolver-binding-linux-loong64-musl': [ '1.12.2' ],
246 silly audit   '@unrs/resolver-binding-linux-ppc64-gnu': [ '1.12.2' ],
246 silly audit   '@unrs/resolver-binding-linux-riscv64-gnu': [ '1.12.2' ],
246 silly audit   '@unrs/resolver-binding-linux-riscv64-musl': [ '1.12.2' ],
246 silly audit   '@unrs/resolver-binding-linux-s390x-gnu': [ '1.12.2' ],
246 silly audit   '@unrs/resolver-binding-linux-x64-gnu': [ '1.12.2' ],
246 silly audit   '@unrs/resolver-binding-linux-x64-musl': [ '1.12.2' ],
246 silly audit   '@unrs/resolver-binding-openharmony-arm64': [ '1.12.2' ],
246 silly audit   '@unrs/resolver-binding-wasm32-wasi': [ '1.12.2' ],
246 silly audit   '@unrs/resolver-binding-win32-arm64-msvc': [ '1.12.2' ],
246 silly audit   '@unrs/resolver-binding-win32-ia32-msvc': [ '1.12.2' ],
246 silly audit   '@unrs/resolver-binding-win32-x64-msvc': [ '1.12.2' ],
246 silly audit   '@webassemblyjs/ast': [ '1.14.1' ],
246 silly audit   '@webassemblyjs/floating-point-hex-parser': [ '1.13.2' ],
246 silly audit   '@webassemblyjs/helper-api-error': [ '1.13.2' ],
246 silly audit   '@webassemblyjs/helper-buffer': [ '1.14.1' ],
246 silly audit   '@webassemblyjs/helper-numbers': [ '1.13.2' ],
246 silly audit   '@webassemblyjs/helper-wasm-bytecode': [ '1.13.2' ],
246 silly audit   '@webassemblyjs/helper-wasm-section': [ '1.14.1' ],
246 silly audit   '@webassemblyjs/ieee754': [ '1.13.2' ],
246 silly audit   '@webassemblyjs/leb128': [ '1.13.2' ],
246 silly audit   '@webassemblyjs/utf8': [ '1.13.2' ],
246 silly audit   '@webassemblyjs/wasm-edit': [ '1.14.1' ],
246 silly audit   '@webassemblyjs/wasm-gen': [ '1.14.1' ],
246 silly audit   '@webassemblyjs/wasm-opt': [ '1.14.1' ],
246 silly audit   '@webassemblyjs/wasm-parser': [ '1.14.1' ],
246 silly audit   '@webassemblyjs/wast-printer': [ '1.14.1' ],
246 silly audit   '@xtuc/ieee754': [ '1.2.0' ],
246 silly audit   '@xtuc/long': [ '4.2.2' ],
246 silly audit   accepts: [ '2.0.0' ],
246 silly audit   acorn: [ '8.17.0' ],
246 silly audit   'acorn-import-phases': [ '1.0.4' ],
246 silly audit   'acorn-jsx': [ '5.3.2' ],
246 silly audit   'acorn-walk': [ '8.3.5' ],
246 silly audit   'ansi-colors': [ '4.1.3' ],
246 silly audit   'ansi-escapes': [ '4.3.2' ],
246 silly audit   ansis: [ '4.2.0' ],
246 silly audit   anymatch: [ '3.1.3' ],
246 silly audit   picomatch: [ '2.3.2', '4.0.4' ],
246 silly audit   'append-field': [ '1.0.0' ],
246 silly audit   arg: [ '4.1.3' ],
246 silly audit   'array-timsort': [ '1.0.3' ],
246 silly audit   asap: [ '2.0.6' ],
246 silly audit   asynckit: [ '0.4.0' ],
246 silly audit   'babel-jest': [ '30.4.1' ],
246 silly audit   'babel-plugin-istanbul': [ '7.0.1' ],
246 silly audit   'babel-plugin-jest-hoist': [ '30.4.0' ],
246 silly audit   'babel-preset-current-node-syntax': [ '1.2.0' ],
246 silly audit   'babel-preset-jest': [ '30.4.0' ],
246 silly audit   'base64-js': [ '1.5.1' ],
246 silly audit   'baseline-browser-mapping': [ '2.10.43' ],
246 silly audit   bl: [ '4.1.0' ],
246 silly audit   'body-parser': [ '2.3.0' ],
246 silly audit   'content-type': [ '2.0.0', '1.0.5' ],
246 silly audit   browserslist: [ '4.28.6' ],
246 silly audit   'bs-logger': [ '0.2.6' ],
246 silly audit   bser: [ '2.1.1' ],
246 silly audit   buffer: [ '5.7.1' ],
246 silly audit   'buffer-from': [ '1.1.2' ],
246 silly audit   busboy: [ '1.6.0' ],
246 silly audit   bytes: [ '3.1.2' ],
246 silly audit   'call-bind-apply-helpers': [ '1.0.2' ],
246 silly audit   'call-bound': [ '1.0.4' ],
246 silly audit   callsites: [ '3.1.0' ],
246 silly audit   camelcase: [ '5.3.1', '6.3.0' ],
246 silly audit   'caniuse-lite': [ '1.0.30001806' ],
246 silly audit   chalk: [ '4.1.2' ],
246 silly audit   'char-regex': [ '1.0.2' ],
246 silly audit   chardet: [ '2.2.0' ],
246 silly audit   chokidar: [ '4.0.3' ],
246 silly audit   'chrome-trace-event': [ '1.0.4' ],
246 silly audit   'ci-info': [ '4.4.0' ],
246 silly audit   'cjs-module-lexer': [ '2.2.0' ],
246 silly audit   'cli-cursor': [ '3.1.0' ],
246 silly audit   'cli-spinners': [ '2.9.2' ],
246 silly audit   'cli-table3': [ '0.6.5' ],
246 silly audit   'cli-width': [ '4.1.0' ],
246 silly audit   cliui: [ '8.0.1' ],
246 silly audit   clone: [ '1.0.4' ],
246 silly audit   co: [ '4.6.0' ],
246 silly audit   'collect-v8-coverage': [ '1.0.3' ],
246 silly audit   'color-convert': [ '2.0.1' ],
246 silly audit   'color-name': [ '1.1.4' ],
246 silly audit   'combined-stream': [ '1.0.8' ],
246 silly audit   commander: [ '4.1.1', '2.20.3' ],
246 silly audit   'comment-json': [ '5.0.0' ],
246 silly audit   'component-emitter': [ '1.3.1' ],
246 silly audit   'concat-map': [ '0.0.1' ],
246 silly audit   'concat-stream': [ '2.0.0' ],
246 silly audit   'content-disposition': [ '1.1.0' ],
246 silly audit   'convert-source-map': [ '2.0.0' ],
246 silly audit   cookie: [ '0.7.2' ],
246 silly audit   'cookie-signature': [ '1.2.2' ],
246 silly audit   cookiejar: [ '2.1.4' ],
246 silly audit   cors: [ '2.8.6' ],
246 silly audit   cosmiconfig: [ '8.3.6' ],
246 silly audit   'create-require': [ '1.1.1' ],
246 silly audit   'cross-spawn': [ '7.0.6' ],
246 silly audit   debug: [ '4.4.3' ],
246 silly audit   dedent: [ '1.7.2' ],
246 silly audit   'deep-is': [ '0.1.4' ],
246 silly audit   deepmerge: [ '4.3.1' ],
246 silly audit   defaults: [ '1.0.4' ],
246 silly audit   'delayed-stream': [ '1.0.0' ],
246 silly audit   depd: [ '2.0.0' ],
246 silly audit   'detect-newline': [ '3.1.0' ],
246 silly audit   dezalgo: [ '1.0.4' ],
246 silly audit   diff: [ '4.0.4' ],
246 silly audit   'dunder-proto': [ '1.0.1' ],
246 silly audit   eastasianwidth: [ '0.2.0' ],
246 silly audit   'ee-first': [ '1.1.1' ],
246 silly audit   'electron-to-chromium': [ '1.5.392' ],
246 silly audit   emittery: [ '0.13.1' ],
246 silly audit   encodeurl: [ '2.0.0' ],
246 silly audit   'enhanced-resolve': [ '5.24.2' ],
246 silly audit   'error-ex': [ '1.3.4' ],
246 silly audit   'es-define-property': [ '1.0.1' ],
246 silly audit   'es-errors': [ '1.3.0' ],
246 silly audit   'es-module-lexer': [ '2.3.1' ],
246 silly audit   'es-object-atoms': [ '1.1.2' ],
246 silly audit   'es-set-tostringtag': [ '2.1.0' ],
246 silly audit   escalade: [ '3.2.0' ],
246 silly audit   'escape-html': [ '1.0.3' ],
246 silly audit   'escape-string-regexp': [ '4.0.0', '2.0.0' ],
246 silly audit   eslint: [ '9.39.5' ],
246 silly audit   'eslint-config-prettier': [ '10.1.8' ],
246 silly audit   'eslint-plugin-prettier': [ '5.5.6' ],
246 silly audit   espree: [ '10.4.0' ],
246 silly audit   esprima: [ '4.0.1' ],
246 silly audit   esquery: [ '1.7.0' ],
246 silly audit   esrecurse: [ '4.3.0' ],
246 silly audit   esutils: [ '2.0.3' ],
246 silly audit   etag: [ '1.8.1' ],
246 silly audit   events: [ '3.3.0' ],
246 silly audit   execa: [ '5.1.1' ],
246 silly audit   'signal-exit': [ '3.0.7', '4.1.0' ],
246 silly audit   'exit-x': [ '0.2.2' ],
246 silly audit   expect: [ '30.4.1' ],
246 silly audit   express: [ '5.2.1' ],
246 silly audit   'fast-deep-equal': [ '3.1.3' ],
246 silly audit   'fast-diff': [ '1.3.0' ],
246 silly audit   'fast-json-stable-stringify': [ '2.1.0' ],
246 silly audit   'fast-levenshtein': [ '2.0.6' ],
246 silly audit   'fast-safe-stringify': [ '2.1.1' ],
246 silly audit   'fast-uri': [ '3.1.3' ],
246 silly audit   'fb-watchman': [ '2.0.2' ],
246 silly audit   fdir: [ '6.5.0' ],
246 silly audit   'file-entry-cache': [ '8.0.0' ],
246 silly audit   'file-type': [ '21.3.4' ],
246 silly audit   finalhandler: [ '2.1.1' ],
246 silly audit   'flat-cache': [ '4.0.1' ],
246 silly audit   flatted: [ '3.4.2' ],
246 silly audit   'foreground-child': [ '3.3.1' ],
246 silly audit   'fork-ts-checker-webpack-plugin': [ '9.1.0' ],
246 silly audit   'form-data': [ '4.0.6' ],
246 silly audit   'mime-db': [ '1.52.0', '1.54.0' ],
246 silly audit   'mime-types': [ '2.1.35', '3.0.2' ],
246 silly audit   formidable: [ '3.5.4' ],
246 silly audit   forwarded: [ '0.2.0' ],
246 silly audit   fresh: [ '2.0.0' ],
246 silly audit   'fs-extra': [ '10.1.0' ],
246 silly audit   'fs-monkey': [ '1.1.0' ],
246 silly audit   'fs.realpath': [ '1.0.0' ],
246 silly audit   fsevents: [ '2.3.3' ],
246 silly audit   'function-bind': [ '1.1.2' ],
246 silly audit   gensync: [ '1.0.0-beta.2' ],
246 silly audit   'get-caller-file': [ '2.0.5' ],
246 silly audit   'get-intrinsic': [ '1.3.0' ],
246 silly audit   'get-package-type': [ '0.1.0' ],
246 silly audit   'get-proto': [ '1.0.1' ],
246 silly audit   'get-stream': [ '6.0.1' ],
246 silly audit   'glob-parent': [ '6.0.2' ],
246 silly audit   'glob-to-regexp': [ '0.4.1' ],
246 silly audit   gopd: [ '1.2.0' ],
246 silly audit   'graceful-fs': [ '4.2.11' ],
246 silly audit   handlebars: [ '4.7.9' ],
246 silly audit   'source-map': [ '0.6.1', '0.7.4' ],
246 silly audit   'has-flag': [ '4.0.0' ],
246 silly audit   'has-symbols': [ '1.1.0' ],
246 silly audit   'has-tostringtag': [ '1.0.2' ],
246 silly audit   hasown: [ '2.0.4' ],
246 silly audit   'html-escaper': [ '2.0.2' ],
246 silly audit   'http-errors': [ '2.0.1' ],
246 silly audit   'human-signals': [ '2.1.0' ],
246 silly audit   'iconv-lite': [ '0.7.3' ],
246 silly audit   ieee754: [ '1.2.1' ],
246 silly audit   'import-fresh': [ '3.3.1' ],
246 silly audit   'import-local': [ '3.2.0' ],
246 silly audit   imurmurhash: [ '0.1.4' ],
246 silly audit   inflight: [ '1.0.6' ],
246 silly audit   inherits: [ '2.0.4' ],
246 silly audit   'ipaddr.js': [ '1.9.1' ],
246 silly audit   'is-arrayish': [ '0.2.1' ],
246 silly audit   'is-extglob': [ '2.1.1' ],
246 silly audit   'is-fullwidth-code-point': [ '3.0.0' ],
246 silly audit   'is-generator-fn': [ '2.1.0' ],
246 silly audit   'is-glob': [ '4.0.3' ],
246 silly audit   'is-interactive': [ '1.0.0' ],
246 silly audit   'is-promise': [ '4.0.0' ],
246 silly audit   'is-stream': [ '2.0.1' ],
246 silly audit   'is-unicode-supported': [ '0.1.0' ],
246 silly audit   isexe: [ '2.0.0' ],
246 silly audit   'istanbul-lib-coverage': [ '3.2.2' ],
246 silly audit   'istanbul-lib-instrument': [ '6.0.3' ],
246 silly audit   'istanbul-lib-report': [ '3.0.1' ],
246 silly audit   'istanbul-lib-source-maps': [ '5.0.6' ],
246 silly audit   'istanbul-reports': [ '3.2.0' ],
246 silly audit   iterare: [ '1.2.1' ],
246 silly audit   jackspeak: [ '3.4.3' ],
246 silly audit   jest: [ '30.4.2' ],
246 silly audit   'jest-changed-files': [ '30.4.1' ],
246 silly audit   'jest-circus': [ '30.4.2' ],
246 silly audit   'jest-cli': [ '30.4.2' ],
246 silly audit   'jest-config': [ '30.4.2' ],
246 silly audit   'jest-diff': [ '30.4.1' ],
246 silly audit   'jest-docblock': [ '30.4.0' ],
246 silly audit   'jest-each': [ '30.4.1' ],
246 silly audit   'jest-environment-node': [ '30.4.1' ],
246 silly audit   'jest-haste-map': [ '30.4.1' ],
246 silly audit   'jest-leak-detector': [ '30.4.1' ],
246 silly audit   'jest-matcher-utils': [ '30.4.1' ],
246 silly audit   'jest-message-util': [ '30.4.1' ],
246 silly audit   'jest-mock': [ '30.4.1' ],
246 silly audit   'jest-pnp-resolver': [ '1.2.3' ],
246 silly audit   'jest-regex-util': [ '30.4.0' ],
246 silly audit   'jest-resolve': [ '30.4.1' ],
246 silly audit   'jest-resolve-dependencies': [ '30.4.2' ],
246 silly audit   'jest-runner': [ '30.4.2' ],
246 silly audit   'source-map-support': [ '0.5.13', '0.5.21' ],
246 silly audit   'jest-runtime': [ '30.4.2' ],
246 silly audit   'jest-snapshot': [ '30.4.1' ],
246 silly audit   'jest-util': [ '30.4.1' ],
246 silly audit   'jest-validate': [ '30.4.1' ],
246 silly audit   'jest-watcher': [ '30.4.1' ],
246 silly audit   'jest-worker': [ '30.4.1', '27.5.1' ],
246 silly audit   'supports-color': [ '8.1.1', '7.2.0' ],
246 silly audit   'js-tokens': [ '4.0.0' ],
246 silly audit   jsesc: [ '3.1.0' ],
246 silly audit   'json-buffer': [ '3.0.1' ],
246 silly audit   'json-parse-even-better-errors': [ '2.3.1' ],
246 silly audit   'json-stable-stringify-without-jsonify': [ '1.0.1' ],
246 silly audit   json5: [ '2.2.3' ],
246 silly audit   'jsonc-parser': [ '3.3.1' ],
246 silly audit   jsonfile: [ '6.2.1' ],
246 silly audit   keyv: [ '4.5.4' ],
246 silly audit   leven: [ '3.1.0' ],
246 silly audit   levn: [ '0.4.1' ],
246 silly audit   'lines-and-columns': [ '1.2.4' ],
246 silly audit   'load-esm': [ '1.0.3' ],
246 silly audit   'loader-runner': [ '4.3.2' ],
246 silly audit   lodash: [ '4.18.1' ],
246 silly audit   'lodash.memoize': [ '4.1.2' ],
246 silly audit   'lodash.merge': [ '4.6.2' ],
246 silly audit   'log-symbols': [ '4.1.0' ],
246 silly audit   'magic-string': [ '0.30.17' ],
246 silly audit   'make-dir': [ '4.0.0' ],
246 silly audit   'make-error': [ '1.3.6' ],
246 silly audit   makeerror: [ '1.0.12' ],
246 silly audit   'math-intrinsics': [ '1.1.0' ],
246 silly audit   'media-typer': [ '1.1.0', '0.3.0' ],
246 silly audit   memfs: [ '3.5.3' ],
246 silly audit   'merge-descriptors': [ '2.0.0' ],
246 silly audit   'merge-stream': [ '2.0.0' ],
246 silly audit   methods: [ '1.1.2' ],
246 silly audit   mime: [ '2.6.0' ],
246 silly audit   'mimic-fn': [ '2.1.0' ],
246 silly audit   minimist: [ '1.2.8' ],
246 silly audit   'minimizer-webpack-plugin': [ '5.6.1' ],
246 silly audit   minipass: [ '7.1.3' ],
246 silly audit   ms: [ '2.1.3' ],
246 silly audit   multer: [ '2.2.0' ],
246 silly audit   'type-is': [ '1.6.18', '2.1.0' ],
246 silly audit   'mute-stream': [ '2.0.0' ],
246 silly audit   'napi-postinstall': [ '0.3.4' ],
246 silly audit   'natural-compare': [ '1.4.0' ],
246 silly audit   negotiator: [ '1.0.0' ],
246 silly audit   'neo-async': [ '2.6.2' ],
246 silly audit   'node-abort-controller': [ '3.1.1' ],
246 silly audit   'node-emoji': [ '1.11.0' ],
246 silly audit   'node-int64': [ '0.4.0' ],
246 silly audit   'node-releases': [ '2.0.51' ],
246 silly audit   'normalize-path': [ '3.0.0' ],
246 silly audit   'npm-run-path': [ '4.0.1' ],
246 silly audit   'object-assign': [ '4.1.1' ],
246 silly audit   'object-inspect': [ '1.13.4' ],
246 silly audit   'on-finished': [ '2.4.1' ],
246 silly audit   once: [ '1.4.0' ],
246 silly audit   onetime: [ '5.1.2' ],
246 silly audit   optionator: [ '0.9.4' ],
246 silly audit   ora: [ '5.4.1' ],
246 silly audit   'p-try': [ '2.2.0' ],
246 silly audit   'package-json-from-dist': [ '1.0.1' ],
246 silly audit   'parent-module': [ '1.0.1' ],
246 silly audit   'parse-json': [ '5.2.0' ],
246 silly audit   parseurl: [ '1.3.3' ],
246 silly audit   'path-exists': [ '4.0.0' ],
246 silly audit   'path-is-absolute': [ '1.0.1' ],
246 silly audit   'path-key': [ '3.1.1' ],
246 silly audit   'path-to-regexp': [ '8.4.2' ],
246 silly audit   'path-type': [ '4.0.0' ],
246 silly audit   picocolors: [ '1.1.1' ],
246 silly audit   pirates: [ '4.0.7' ],
246 silly audit   'pkg-dir': [ '4.2.0' ],
246 silly audit   pluralize: [ '8.0.0' ],
246 silly audit   'prelude-ls': [ '1.2.1' ],
246 silly audit   prettier: [ '3.9.5' ],
246 silly audit   'prettier-linter-helpers': [ '1.0.1' ],
246 silly audit   'pretty-format': [ '30.4.1' ],
246 silly audit   'proxy-addr': [ '2.0.7' ],
246 silly audit   punycode: [ '2.3.1' ],
246 silly audit   'pure-rand': [ '7.0.1' ],
246 silly audit   qs: [ '6.15.3' ],
246 silly audit   'range-parser': [ '1.3.0' ],
246 silly audit   'raw-body': [ '3.0.2' ],
246 silly audit   'react-is': [ '18.3.1', '19.2.7' ],
246 silly audit   'readable-stream': [ '3.6.2' ],
246 silly audit   readdirp: [ '4.1.2' ],
246 silly audit   'reflect-metadata': [ '0.2.2' ],
246 silly audit   'require-directory': [ '2.1.1' ],
246 silly audit   'require-from-string': [ '2.0.2' ],
246 silly audit   'resolve-cwd': [ '3.0.0' ],
246 silly audit   'restore-cursor': [ '3.1.0' ],
246 silly audit   router: [ '2.2.0' ],
246 silly audit   'safe-buffer': [ '5.2.1' ],
246 silly audit   'safer-buffer': [ '2.1.2' ],
246 silly audit   send: [ '1.2.1' ],
246 silly audit   'serve-static': [ '2.2.1' ],
246 silly audit   setprototypeof: [ '1.2.0' ],
246 silly audit   'shebang-command': [ '2.0.0' ],
246 silly audit   'shebang-regex': [ '3.0.0' ],
246 silly audit   'side-channel': [ '1.1.1' ],
246 silly audit   'side-channel-list': [ '1.0.1' ],
246 silly audit   'side-channel-map': [ '1.0.1' ],
246 silly audit   'side-channel-weakmap': [ '1.0.2' ],
246 silly audit   slash: [ '3.0.0' ],
246 silly audit   'sprintf-js': [ '1.0.3' ],
246 silly audit   'stack-utils': [ '2.0.6' ],
246 silly audit   statuses: [ '2.0.2' ],
246 silly audit   streamsearch: [ '1.1.0' ],
246 silly audit   string_decoder: [ '1.3.0' ],
246 silly audit   'string-length': [ '4.0.2' ],
246 silly audit   'strip-bom': [ '4.0.0', '3.0.0' ],
246 silly audit   'strip-final-newline': [ '2.0.0' ],
246 silly audit   'strip-json-comments': [ '3.1.1' ],
246 silly audit   strtok3: [ '10.3.5' ],
246 silly audit   superagent: [ '10.3.0' ],
246 silly audit   supertest: [ '7.2.2' ],
246 silly audit   'symbol-observable': [ '4.0.0' ],
246 silly audit   synckit: [ '0.11.13' ],
246 silly audit   tapable: [ '2.3.3' ],
246 silly audit   terser: [ '5.49.0' ],
246 silly audit   'terser-webpack-plugin': [ '5.6.1' ],
246 silly audit   'test-exclude': [ '6.0.0' ],
246 silly audit   tinyglobby: [ '0.2.17' ],
246 silly audit   tmpl: [ '1.0.5' ],
246 silly audit   toidentifier: [ '1.0.1' ],
246 silly audit   'token-types': [ '6.1.2' ],
246 silly audit   'ts-api-utils': [ '2.5.0' ],
246 silly audit   'ts-jest': [ '29.4.11' ],
246 silly audit   'type-fest': [ '4.41.0', '0.21.3' ],
246 silly audit   'ts-loader': [ '9.6.2' ],
246 silly audit   'ts-node': [ '10.9.2' ],
246 silly audit   'tsconfig-paths': [ '4.2.0' ],
246 silly audit   'tsconfig-paths-webpack-plugin': [ '4.2.0' ],
246 silly audit   tslib: [ '2.8.1' ],
246 silly audit   'type-check': [ '0.4.0' ],
246 silly audit   'type-detect': [ '4.0.8' ],
246 silly audit   typedarray: [ '0.0.6' ],
246 silly audit   typescript: [ '5.9.3' ],
246 silly audit   'typescript-eslint': [ '8.64.0' ],
246 silly audit   'uglify-js': [ '3.19.3' ],
246 silly audit   uid: [ '2.0.2' ],
246 silly audit   'uint8array-extras': [ '1.5.0' ],
246 silly audit   'undici-types': [ '7.18.2' ],
246 silly audit   universalify: [ '2.0.1' ],
246 silly audit   unpipe: [ '1.0.0' ],
246 silly audit   'unrs-resolver': [ '1.12.2' ],
246 silly audit   'update-browserslist-db': [ '1.2.3' ],
246 silly audit   'uri-js': [ '4.4.1' ],
246 silly audit   'util-deprecate': [ '1.0.2' ],
246 silly audit   'v8-compile-cache-lib': [ '3.0.1' ],
246 silly audit   'v8-to-istanbul': [ '9.3.0' ],
246 silly audit   vary: [ '1.1.2' ],
246 silly audit   walker: [ '1.0.8' ],
246 silly audit   watchpack: [ '2.5.2' ],
246 silly audit   wcwidth: [ '1.0.1' ],
246 silly audit   'webpack-node-externals': [ '3.0.0' ],
246 silly audit   'webpack-sources': [ '3.5.1' ],
246 silly audit   which: [ '2.0.2' ],
246 silly audit   'word-wrap': [ '1.2.5' ],
246 silly audit   wordwrap: [ '1.0.0' ],
246 silly audit   wrappy: [ '1.0.2' ],
246 silly audit   'write-file-atomic': [ '5.0.1' ],
246 silly audit   y18n: [ '5.0.8' ],
246 silly audit   yallist: [ '3.1.1' ],
246 silly audit   yargs: [ '17.7.3' ],
246 silly audit   'yargs-parser': [ '21.1.1' ],
246 silly audit   yn: [ '3.1.1' ],
246 silly audit   'yocto-queue': [ '0.1.0' ],
246 silly audit   'yoctocolors-cjs': [ '2.1.3' ],
246 silly audit   '@nestjs/microservices': [ '11.1.28' ],
246 silly audit   '@nestjs/mongoose': [ '11.0.4' ],
246 silly audit   ioredis: [ '5.11.1' ],
246 silly audit   mongoose: [ '9.7.4' ],
246 silly audit   '@ioredis/commands': [ '1.10.0' ],
246 silly audit   'cluster-key-slot': [ '1.1.1' ],
246 silly audit   denque: [ '2.1.0' ],
246 silly audit   'redis-errors': [ '1.2.0' ],
246 silly audit   'redis-parser': [ '3.0.0' ],
246 silly audit   'standard-as-callback': [ '2.1.0' ],
246 silly audit   '@standard-schema/spec': [ '1.1.0' ],
246 silly audit   kareem: [ '3.3.0' ],
246 silly audit   mongodb: [ '7.2.0' ],
246 silly audit   mpath: [ '0.9.0' ],
246 silly audit   mquery: [ '6.0.0' ],
246 silly audit   sift: [ '17.1.3' ],
246 silly audit   '@mongodb-js/saslprep': [ '1.4.12' ],
246 silly audit   bson: [ '7.3.1' ],
246 silly audit   'mongodb-connection-string-url': [ '7.0.2' ],
246 silly audit   'sparse-bitfield': [ '3.0.3' ],
246 silly audit   '@types/whatwg-url': [ '13.0.0' ],
246 silly audit   'whatwg-url': [ '14.2.0' ],
246 silly audit   '@types/webidl-conversions': [ '7.0.3' ],
246 silly audit   'memory-pager': [ '1.5.0' ],
246 silly audit   tr46: [ '5.1.1' ],
246 silly audit   'webidl-conversions': [ '7.0.0' ]
246 silly audit }
247 http cache webidl-conversions@https://registry.npmjs.org/webidl-conversions/-/webidl-conversions-7.0.0.tgz 0ms (cache hit)
248 http cache tr46@https://registry.npmjs.org/tr46/-/tr46-5.1.1.tgz 0ms (cache hit)
249 http cache memory-pager@https://registry.npmjs.org/memory-pager/-/memory-pager-1.5.0.tgz 0ms (cache hit)
250 http cache @types/webidl-conversions@https://registry.npmjs.org/@types/webidl-conversions/-/webidl-conversions-7.0.3.tgz 0ms (cache hit)
251 http cache whatwg-url@https://registry.npmjs.org/whatwg-url/-/whatwg-url-14.2.0.tgz 0ms (cache hit)
252 http cache @types/whatwg-url@https://registry.npmjs.org/@types/whatwg-url/-/whatwg-url-13.0.0.tgz 0ms (cache hit)
253 http cache sparse-bitfield@https://registry.npmjs.org/sparse-bitfield/-/sparse-bitfield-3.0.3.tgz 0ms (cache hit)
254 http cache bson@https://registry.npmjs.org/bson/-/bson-7.3.1.tgz 0ms (cache hit)
255 http cache mongodb-connection-string-url@https://registry.npmjs.org/mongodb-connection-string-url/-/mongodb-connection-string-url-7.0.2.tgz 0ms (cache hit)
256 http cache sift@https://registry.npmjs.org/sift/-/sift-17.1.3.tgz 0ms (cache hit)
257 http cache mquery@https://registry.npmjs.org/mquery/-/mquery-6.0.0.tgz 0ms (cache hit)
258 http cache mpath@https://registry.npmjs.org/mpath/-/mpath-0.9.0.tgz 0ms (cache hit)
259 http cache mongodb@https://registry.npmjs.org/mongodb/-/mongodb-7.2.0.tgz 0ms (cache hit)
260 http cache kareem@https://registry.npmjs.org/kareem/-/kareem-3.3.0.tgz 0ms (cache hit)
261 http cache @standard-schema/spec@https://registry.npmjs.org/@standard-schema/spec/-/spec-1.1.0.tgz 0ms (cache hit)
262 http cache standard-as-callback@https://registry.npmjs.org/standard-as-callback/-/standard-as-callback-2.1.0.tgz 0ms (cache hit)
263 http cache redis-errors@https://registry.npmjs.org/redis-errors/-/redis-errors-1.2.0.tgz 0ms (cache hit)
264 http cache redis-parser@https://registry.npmjs.org/redis-parser/-/redis-parser-3.0.0.tgz 0ms (cache hit)
265 http cache denque@https://registry.npmjs.org/denque/-/denque-2.1.0.tgz 0ms (cache hit)
266 http cache @ioredis/commands@https://registry.npmjs.org/@ioredis/commands/-/commands-1.10.0.tgz 0ms (cache hit)
267 http cache cluster-key-slot@https://registry.npmjs.org/cluster-key-slot/-/cluster-key-slot-1.1.1.tgz 0ms (cache hit)
268 http cache mongoose@https://registry.npmjs.org/mongoose/-/mongoose-9.7.4.tgz 0ms (cache hit)
269 http cache @nestjs/mongoose@https://registry.npmjs.org/@nestjs/mongoose/-/mongoose-11.0.4.tgz 0ms (cache hit)
270 http cache ioredis@https://registry.npmjs.org/ioredis/-/ioredis-5.11.1.tgz 0ms (cache hit)
271 http cache @nestjs/microservices@https://registry.npmjs.org/@nestjs/microservices/-/microservices-11.1.28.tgz 0ms (cache hit)
272 http cache fsevents@https://registry.npmjs.org/fsevents/-/fsevents-2.3.3.tgz 0ms (cache hit)
273 http cache @mongodb-js/saslprep@https://registry.npmjs.org/@mongodb-js/saslprep/-/saslprep-1.4.12.tgz 0ms (cache hit)
274 silly tarball no local data for webidl-conversions@https://registry.npmjs.org/webidl-conversions/-/webidl-conversions-7.0.0.tgz. Extracting by manifest.
275 silly tarball no local data for tr46@https://registry.npmjs.org/tr46/-/tr46-5.1.1.tgz. Extracting by manifest.
276 silly tarball no local data for @types/webidl-conversions@https://registry.npmjs.org/@types/webidl-conversions/-/webidl-conversions-7.0.3.tgz. Extracting by manifest.
277 silly tarball no local data for memory-pager@https://registry.npmjs.org/memory-pager/-/memory-pager-1.5.0.tgz. Extracting by manifest.
278 silly tarball no local data for whatwg-url@https://registry.npmjs.org/whatwg-url/-/whatwg-url-14.2.0.tgz. Extracting by manifest.
279 silly tarball no local data for @types/whatwg-url@https://registry.npmjs.org/@types/whatwg-url/-/whatwg-url-13.0.0.tgz. Extracting by manifest.
280 silly tarball no local data for sparse-bitfield@https://registry.npmjs.org/sparse-bitfield/-/sparse-bitfield-3.0.3.tgz. Extracting by manifest.
281 silly tarball no local data for mongodb-connection-string-url@https://registry.npmjs.org/mongodb-connection-string-url/-/mongodb-connection-string-url-7.0.2.tgz. Extracting by manifest.
282 silly tarball no local data for bson@https://registry.npmjs.org/bson/-/bson-7.3.1.tgz. Extracting by manifest.
283 silly tarball no local data for sift@https://registry.npmjs.org/sift/-/sift-17.1.3.tgz. Extracting by manifest.
284 silly tarball no local data for mquery@https://registry.npmjs.org/mquery/-/mquery-6.0.0.tgz. Extracting by manifest.
285 silly tarball no local data for kareem@https://registry.npmjs.org/kareem/-/kareem-3.3.0.tgz. Extracting by manifest.
286 silly tarball no local data for mongodb@https://registry.npmjs.org/mongodb/-/mongodb-7.2.0.tgz. Extracting by manifest.
287 silly tarball no local data for mpath@https://registry.npmjs.org/mpath/-/mpath-0.9.0.tgz. Extracting by manifest.
288 silly tarball no local data for @standard-schema/spec@https://registry.npmjs.org/@standard-schema/spec/-/spec-1.1.0.tgz. Extracting by manifest.
289 silly tarball no local data for redis-parser@https://registry.npmjs.org/redis-parser/-/redis-parser-3.0.0.tgz. Extracting by manifest.
290 silly tarball no local data for standard-as-callback@https://registry.npmjs.org/standard-as-callback/-/standard-as-callback-2.1.0.tgz. Extracting by manifest.
291 silly tarball no local data for redis-errors@https://registry.npmjs.org/redis-errors/-/redis-errors-1.2.0.tgz. Extracting by manifest.
292 silly tarball no local data for @ioredis/commands@https://registry.npmjs.org/@ioredis/commands/-/commands-1.10.0.tgz. Extracting by manifest.
293 silly tarball no local data for denque@https://registry.npmjs.org/denque/-/denque-2.1.0.tgz. Extracting by manifest.
294 silly tarball no local data for @nestjs/mongoose@https://registry.npmjs.org/@nestjs/mongoose/-/mongoose-11.0.4.tgz. Extracting by manifest.
295 silly tarball no local data for cluster-key-slot@https://registry.npmjs.org/cluster-key-slot/-/cluster-key-slot-1.1.1.tgz. Extracting by manifest.
296 silly tarball no local data for mongoose@https://registry.npmjs.org/mongoose/-/mongoose-9.7.4.tgz. Extracting by manifest.
297 silly tarball no local data for ioredis@https://registry.npmjs.org/ioredis/-/ioredis-5.11.1.tgz. Extracting by manifest.
298 silly tarball no local data for @mongodb-js/saslprep@https://registry.npmjs.org/@mongodb-js/saslprep/-/saslprep-1.4.12.tgz. Extracting by manifest.
299 silly tarball no local data for @nestjs/microservices@https://registry.npmjs.org/@nestjs/microservices/-/microservices-11.1.28.tgz. Extracting by manifest.
300 http fetch GET 200 https://registry.npmjs.org/memory-pager/-/memory-pager-1.5.0.tgz 43ms (cache miss)
301 http fetch GET 200 https://registry.npmjs.org/webidl-conversions/-/webidl-conversions-7.0.0.tgz 44ms (cache miss)
302 http fetch GET 200 https://registry.npmjs.org/whatwg-url/-/whatwg-url-14.2.0.tgz 48ms (cache miss)
303 http fetch GET 200 https://registry.npmjs.org/tr46/-/tr46-5.1.1.tgz 48ms (cache miss)
304 http fetch GET 200 https://registry.npmjs.org/@types/webidl-conversions/-/webidl-conversions-7.0.3.tgz 48ms (cache miss)
305 http fetch GET 200 https://registry.npmjs.org/@types/whatwg-url/-/whatwg-url-13.0.0.tgz 48ms (cache miss)
306 http fetch GET 200 https://registry.npmjs.org/redis-parser/-/redis-parser-3.0.0.tgz 76ms (cache miss)
307 http fetch GET 200 https://registry.npmjs.org/standard-as-callback/-/standard-as-callback-2.1.0.tgz 76ms (cache miss)
308 http fetch GET 200 https://registry.npmjs.org/redis-errors/-/redis-errors-1.2.0.tgz 82ms (cache miss)
309 http fetch GET 200 https://registry.npmjs.org/@standard-schema/spec/-/spec-1.1.0.tgz 84ms (cache miss)
310 http fetch GET 200 https://registry.npmjs.org/denque/-/denque-2.1.0.tgz 83ms (cache miss)
311 http fetch GET 200 https://registry.npmjs.org/cluster-key-slot/-/cluster-key-slot-1.1.1.tgz 108ms (cache miss)
312 http fetch GET 200 https://registry.npmjs.org/sparse-bitfield/-/sparse-bitfield-3.0.3.tgz 135ms (cache miss)
313 http fetch GET 200 https://registry.npmjs.org/kareem/-/kareem-3.3.0.tgz 136ms (cache miss)
314 http fetch GET 200 https://registry.npmjs.org/mongodb-connection-string-url/-/mongodb-connection-string-url-7.0.2.tgz 138ms (cache miss)
315 http fetch GET 200 https://registry.npmjs.org/mpath/-/mpath-0.9.0.tgz 139ms (cache miss)
316 http fetch GET 200 https://registry.npmjs.org/mquery/-/mquery-6.0.0.tgz 146ms (cache miss)
317 http fetch GET 200 https://registry.npmjs.org/sift/-/sift-17.1.3.tgz 149ms (cache miss)
318 http fetch GET 200 https://registry.npmjs.org/@nestjs/mongoose/-/mongoose-11.0.4.tgz 172ms (cache miss)
319 http fetch GET 200 https://registry.npmjs.org/ioredis/-/ioredis-5.11.1.tgz 174ms (cache miss)
320 http fetch POST 200 https://registry.npmjs.org/-/npm/v1/security/advisories/bulk 194ms
321 silly audit report {}
322 http fetch GET 200 https://registry.npmjs.org/bson/-/bson-7.3.1.tgz 191ms (cache miss)
323 http fetch GET 200 https://registry.npmjs.org/mongoose/-/mongoose-9.7.4.tgz 228ms (cache miss)
324 http fetch GET 200 https://registry.npmjs.org/@ioredis/commands/-/commands-1.10.0.tgz 229ms (cache miss)
325 http fetch GET 200 https://registry.npmjs.org/mongodb/-/mongodb-7.2.0.tgz 244ms (cache miss)
326 http fetch GET 200 https://registry.npmjs.org/@mongodb-js/saslprep/-/saslprep-1.4.12.tgz 267ms (cache miss)
327 http fetch GET 200 https://registry.npmjs.org/@nestjs/microservices/-/microservices-11.1.28.tgz 326ms (cache miss)
328 silly ADD node_modules/webidl-conversions
329 silly ADD node_modules/tr46
330 silly ADD node_modules/memory-pager
331 silly ADD node_modules/@types/webidl-conversions
332 silly ADD node_modules/whatwg-url
333 silly ADD node_modules/@types/whatwg-url
334 silly ADD node_modules/sparse-bitfield
335 silly ADD node_modules/mongodb-connection-string-url
336 silly ADD node_modules/bson
337 silly ADD node_modules/@mongodb-js/saslprep
338 silly ADD node_modules/sift
339 silly ADD node_modules/mquery
340 silly ADD node_modules/mpath
341 silly ADD node_modules/mongodb
342 silly ADD node_modules/kareem
343 silly ADD node_modules/@standard-schema/spec
344 silly ADD node_modules/standard-as-callback
345 silly ADD node_modules/redis-parser
346 silly ADD node_modules/redis-errors
347 silly ADD node_modules/denque
348 silly ADD node_modules/cluster-key-slot
349 silly ADD node_modules/@ioredis/commands
350 silly ADD node_modules/mongoose
351 silly ADD node_modules/ioredis
352 silly ADD node_modules/@nestjs/mongoose
353 silly ADD node_modules/@nestjs/microservices
354 silly ADD node_modules/fsevents
355 verbose cwd /Users/miguelacontreras/Desktop/Desarrollo/MiguelAcr/Nest Back/store_api
356 verbose os Darwin 25.4.0
357 verbose node v26.0.0
358 verbose npm  v11.12.1
359 verbose exit 0
360 info ok
